
> school-management-frontend@0.0.0 start
> ng serve

[33m>[39m Building...
[32m√[39m Building...
[1mInitial chunk files[22m[2m | [22m[1mNames[22m        [2m | [22m [1mRaw size[22m
[32mstyles.css[39m         [2m | [22m[2mstyles[22m       [2m | [22m  [36m9.00 kB[39m[2m | [22m
[32mmain.js[39m            [2m | [22m[2mmain[22m         [2m | [22m  [36m5.57 kB[39m[2m | [22m
[32mchunk-HJ27B564.js[39m  [2m | [22m[2m-[22m            [2m | [22m  [36m2.42 kB[39m[2m | [22m
[32mchunk-CZJLB7T5.js[39m  [2m | [22m[2m-[22m            [2m | [22m  [36m1.08 kB[39m[2m | [22m
[32mchunk-GVMETKDU.js[39m  [2m | [22m[2m-[22m            [2m | [22m[36m187 bytes[39m[2m | [22m

[1m [22m                  [2m | [22m[1mInitial total[22m[2m | [22m [1m18.26 kB[22m

[1mLazy chunk files[22m   [2m | [22m[1mNames[22m        [2m | [22m [1mRaw size[22m
[32mchunk-F5N3L6FS.js[39m  [2m | [22m[2mstudents[22m     [2m | [22m[36m133.55 kB[39m[2m | [22m
[32mchunk-OZQUPZEG.js[39m  [2m | [22m[2mdashboard[22m    [2m | [22m [36m94.39 kB[39m[2m | [22m
[32mchunk-GUNREUBD.js[39m  [2m | [22m[2mparent[22m       [2m | [22m [36m50.12 kB[39m[2m | [22m
[32mchunk-DHXANDI7.js[39m  [2m | [22m[2mnotice[22m       [2m | [22m [36m49.26 kB[39m[2m | [22m
[32mchunk-QMTNLNFQ.js[39m  [2m | [22m[2mdocument[22m     [2m | [22m [36m44.83 kB[39m[2m | [22m
[32mchunk-FXBBLMCF.js[39m  [2m | [22m[2mteachers[22m     [2m | [22m [36m42.18 kB[39m[2m | [22m
[32mchunk-W63WS5O2.js[39m  [2m | [22m[2mattendance[22m   [2m | [22m [36m41.35 kB[39m[2m | [22m
[32mchunk-WPNTFLYK.js[39m  [2m | [22m[2mexams[22m        [2m | [22m [36m36.94 kB[39m[2m | [22m
[32mchunk-MYKQGVLM.js[39m  [2m | [22m[2mreports[22m      [2m | [22m [36m36.26 kB[39m[2m | [22m
[32mchunk-CLYKLUYZ.js[39m  [2m | [22m[2madmin-layout[22m [2m | [22m [36m29.51 kB[39m[2m | [22m
[32mchunk-C2DVSQEP.js[39m  [2m | [22m[2mlogin[22m        [2m | [22m [36m29.48 kB[39m[2m | [22m
[32mchunk-NI4FRGLX.js[39m  [2m | [22m[2mtimetable[22m    [2m | [22m [36m25.24 kB[39m[2m | [22m
[32mchunk-HTLDLQJQ.js[39m  [2m | [22m[2mstaff[22m        [2m | [22m [36m21.37 kB[39m[2m | [22m
[32mchunk-DLSYTQI4.js[39m  [2m | [22m[2msettings[22m     [2m | [22m [36m15.35 kB[39m[2m | [22m
[32mchunk-3RFN3ZW3.js[39m  [2m | [22m[2mleave[22m        [2m | [22m [36m13.51 kB[39m[2m | [22m
[2m...and 5 more lazy chunks files. Use "--verbose" to show all the files.[22m

Application bundle generation complete. [30.621 seconds] - 2026-07-28T12:03:33.248Z

Watch mode enabled. Watching for file changes...
NOTE: Raw file sizes do not reflect development server per-request transformations.
  [32m➜[39m  [1mLocal[22m:   [36mhttp://localhost:[1m4200[22m/[39m
[2m[32m  ➜[39m[22m[2m  press [22m[1mh + enter[22m[2m to show help[22m
[33m>[39m Changes detected. Rebuilding...
[32m√[39m Changes detected. Rebuilding...
[1mInitial chunk files[22m[2m | [22m[1mNames[22m   [2m | [22m[1mRaw size[22m
[32mmain.js[39m            [2m | [22m[2mmain[22m    [2m | [22m [36m5.57 kB[39m[2m | [22m

[1mLazy chunk files[22m   [2m | [22m[1mNames[22m   [2m | [22m[1mRaw size[22m
[32mchunk-FDM7QFFV.js[39m  [2m | [22m[2mteachers[22m[2m | [22m[36m41.58 kB[39m[2m | [22m

Application bundle generation complete. [7.068 seconds] - 2026-07-28T12:08:22.906Z

Page reload sent to client(s).
[33m>[39m Changes detected. Rebuilding...
[32m√[39m Changes detected. Rebuilding...
[1mInitial chunk files[22m[2m | [22m[1mNames[22m     [2m | [22m[1mRaw size[22m
[32mmain.js[39m            [2m | [22m[2mmain[22m      [2m | [22m [36m5.57 kB[39m[2m | [22m

[1mLazy chunk files[22m   [2m | [22m[1mNames[22m     [2m | [22m[1mRaw size[22m
[32mchunk-JVVV5NY5.js[39m  [2m | [22m[2mattendance[22m[2m | [22m[36m40.79 kB[39m[2m | [22m

Application bundle generation complete. [0.433 seconds] - 2026-07-28T12:08:23.348Z

Page reload sent to client(s).
[33m>[39m Changes detected. Rebuilding...
[32m√[39m Changes detected. Rebuilding...
[1mInitial chunk files[22m[2m | [22m[1mNames[22m[2m | [22m[1mRaw size[22m
[32mmain.js[39m            [2m | [22m[2mmain[22m [2m | [22m [36m5.57 kB[39m[2m | [22m

[1mLazy chunk files[22m   [2m | [22m[1mNames[22m[2m | [22m[1mRaw size[22m
[32mchunk-KVDD5IN2.js[39m  [2m | [22m[2mexams[22m[2m | [22m[36m37.08 kB[39m[2m | [22m

Application bundle generation complete. [0.384 seconds] - 2026-07-28T12:08:43.646Z

Page reload sent to client(s).
[33m>[39m Changes detected. Rebuilding...
[32m√[39m Changes detected. Rebuilding...
[1mInitial chunk files[22m[2m | [22m[1mNames[22m [2m | [22m[1mRaw size[22m
[32mmain.js[39m            [2m | [22m[2mmain[22m  [2m | [22m [36m5.57 kB[39m[2m | [22m

[1mLazy chunk files[22m   [2m | [22m[1mNames[22m [2m | [22m[1mRaw size[22m
[32mchunk-T2SEHL6Y.js[39m  [2m | [22m[2mnotice[22m[2m | [22m[36m49.38 kB[39m[2m | [22m

Application bundle generation complete. [0.727 seconds] - 2026-07-28T12:08:44.522Z

Page reload sent to client(s).
[33m>[39m Changes detected. Rebuilding...
[32m√[39m Changes detected. Rebuilding...
[1mInitial chunk files[22m[2m | [22m[1mNames[22m [2m | [22m[1mRaw size[22m
[32mmain.js[39m            [2m | [22m[2mmain[22m  [2m | [22m [36m5.57 kB[39m[2m | [22m

[1mLazy chunk files[22m   [2m | [22m[1mNames[22m [2m | [22m[1mRaw size[22m
[32mchunk-HKRSA7HL.js[39m  [2m | [22m[2mparent[22m[2m | [22m[36m50.27 kB[39m[2m | [22m

Application bundle generation complete. [0.464 seconds] - 2026-07-28T12:08:44.989Z

Page reload sent to client(s).
[33m>[39m Changes detected. Rebuilding...
[32m√[39m Changes detected. Rebuilding...
[1mInitial chunk files[22m[2m | [22m[1mNames[22m   [2m | [22m[1mRaw size[22m
[32mmain.js[39m            [2m | [22m[2mmain[22m    [2m | [22m [36m5.57 kB[39m[2m | [22m

[1mLazy chunk files[22m   [2m | [22m[1mNames[22m   [2m | [22m[1mRaw size[22m
[32mchunk-4KQAM4Q5.js[39m  [2m | [22m[2mdocument[22m[2m | [22m[36m44.85 kB[39m[2m | [22m

Application bundle generation complete. [0.763 seconds] - 2026-07-28T12:08:45.842Z

Page reload sent to client(s).
[33m>[39m Changes detected. Rebuilding...
[32m√[39m Changes detected. Rebuilding...
[1mInitial chunk files[22m[2m | [22m[1mNames[22m   [2m | [22m [1mRaw size[22m
[32mmain.js[39m            [2m | [22m[2mmain[22m    [2m | [22m  [36m5.57 kB[39m[2m | [22m

[1mLazy chunk files[22m   [2m | [22m[1mNames[22m   [2m | [22m [1mRaw size[22m
[32mchunk-QGK6AYCW.js[39m  [2m | [22m[2mstudents[22m[2m | [22m[36m133.58 kB[39m[2m | [22m

Application bundle generation complete. [0.768 seconds] - 2026-07-28T12:08:46.613Z

Page reload sent to client(s).
[33m>[39m Changes detected. Rebuilding...
[32m√[39m Changes detected. Rebuilding...
[1mInitial chunk files[22m[2m | [22m[1mNames[22m    [2m | [22m[1mRaw size[22m
[32mmain.js[39m            [2m | [22m[2mmain[22m     [2m | [22m [36m5.57 kB[39m[2m | [22m

[1mLazy chunk files[22m   [2m | [22m[1mNames[22m    [2m | [22m[1mRaw size[22m
[32mchunk-AWMVEUAU.js[39m  [2m | [22m[2mtimetable[22m[2m | [22m[36m25.35 kB[39m[2m | [22m

Application bundle generation complete. [0.439 seconds] - 2026-07-28T12:08:59.970Z

Page reload sent to client(s).
[33m>[39m Changes detected. Rebuilding...
[32m√[39m Changes detected. Rebuilding...
[1mInitial chunk files[22m[2m | [22m[1mNames[22m  [2m | [22m[1mRaw size[22m
[32mmain.js[39m            [2m | [22m[2mmain[22m   [2m | [22m [36m5.57 kB[39m[2m | [22m

[1mLazy chunk files[22m   [2m | [22m[1mNames[22m  [2m | [22m[1mRaw size[22m
[32mchunk-7XVZYCFD.js[39m  [2m | [22m[2mreports[22m[2m | [22m[36m36.61 kB[39m[2m | [22m

Application bundle generation complete. [0.239 seconds] - 2026-07-28T12:09:00.368Z

Page reload sent to client(s).
[33m>[39m Changes detected. Rebuilding...
[32m√[39m Changes detected. Rebuilding...
[1mInitial chunk files[22m[2m | [22m[1mNames[22m    [2m | [22m[1mRaw size[22m
[32mmain.js[39m            [2m | [22m[2mmain[22m     [2m | [22m [36m5.57 kB[39m[2m | [22m

[1mLazy chunk files[22m   [2m | [22m[1mNames[22m    [2m | [22m[1mRaw size[22m
[32mchunk-OITORR4H.js[39m  [2m | [22m[2mdashboard[22m[2m | [22m[36m94.46 kB[39m[2m | [22m

Application bundle generation complete. [0.558 seconds] - 2026-07-28T12:09:11.464Z

Page reload sent to client(s).
[33m>[39m Changes detected. Rebuilding...
[32m√[39m Changes detected. Rebuilding...
[1mInitial chunk files[22m[2m | [22m[1mNames[22m    [2m | [22m[1mRaw size[22m
[32mmain.js[39m            [2m | [22m[2mmain[22m     [2m | [22m [36m5.57 kB[39m[2m | [22m

[1mLazy chunk files[22m   [2m | [22m[1mNames[22m    [2m | [22m[1mRaw size[22m
[32mchunk-OK57QELQ.js[39m  [2m | [22m[2mdashboard[22m[2m | [22m[36m94.51 kB[39m[2m | [22m

Application bundle generation complete. [0.468 seconds] - 2026-07-28T12:09:12.170Z

Page reload sent to client(s).
[33m>[39m Changes detected. Rebuilding...
[32m√[39m Changes detected. Rebuilding...
[1mInitial chunk files[22m[2m | [22m[1mNames[22m    [2m | [22m[1mRaw size[22m
[32mmain.js[39m            [2m | [22m[2mmain[22m     [2m | [22m [36m5.57 kB[39m[2m | [22m

[1mLazy chunk files[22m   [2m | [22m[1mNames[22m    [2m | [22m[1mRaw size[22m
[32mchunk-HNMA7KHX.js[39m  [2m | [22m[2mdashboard[22m[2m | [22m[36m94.56 kB[39m[2m | [22m

Application bundle generation complete. [0.584 seconds] - 2026-07-28T12:09:13.246Z

Page reload sent to client(s).
[33m>[39m Changes detected. Rebuilding...
[32m√[39m Changes detected. Rebuilding...
[1mInitial chunk files[22m[2m | [22m[1mNames[22m    [2m | [22m[1mRaw size[22m
[32mmain.js[39m            [2m | [22m[2mmain[22m     [2m | [22m [36m5.57 kB[39m[2m | [22m

[1mLazy chunk files[22m   [2m | [22m[1mNames[22m    [2m | [22m[1mRaw size[22m
[32mchunk-UQQORP3U.js[39m  [2m | [22m[2mtimetable[22m[2m | [22m[36m28.39 kB[39m[2m | [22m

Application bundle generation complete. [5.633 seconds] - 2026-07-28T12:15:00.440Z

Page reload sent to client(s).
[33m>[39m Changes detected. Rebuilding...
[32m√[39m Changes detected. Rebuilding...
[1mInitial chunk files[22m[2m | [22m[1mNames[22m        [2m | [22m [1mRaw size[22m
[32mstyles.css[39m         [2m | [22m[2mstyles[22m       [2m | [22m  [36m9.00 kB[39m[2m | [22m
[32mmain.js[39m            [2m | [22m[2mmain[22m         [2m | [22m  [36m5.57 kB[39m[2m | [22m
[32mchunk-HJ27B564.js[39m  [2m | [22m[2m-[22m            [2m | [22m  [36m2.42 kB[39m[2m | [22m
[32mchunk-CZJLB7T5.js[39m  [2m | [22m[2m-[22m            [2m | [22m  [36m1.08 kB[39m[2m | [22m
[32mchunk-GVMETKDU.js[39m  [2m | [22m[2m-[22m            [2m | [22m[36m187 bytes[39m[2m | [22m

[1m [22m                  [2m | [22m[1mInitial total[22m[2m | [22m [1m18.26 kB[22m

[1mLazy chunk files[22m   [2m | [22m[1mNames[22m        [2m | [22m [1mRaw size[22m
[32mchunk-QGK6AYCW.js[39m  [2m | [22m[2mstudents[22m     [2m | [22m[36m133.58 kB[39m[2m | [22m
[32mchunk-HNMA7KHX.js[39m  [2m | [22m[2mdashboard[22m    [2m | [22m [36m94.56 kB[39m[2m | [22m
[32mchunk-HKRSA7HL.js[39m  [2m | [22m[2mparent[22m       [2m | [22m [36m50.27 kB[39m[2m | [22m
[32mchunk-T2SEHL6Y.js[39m  [2m | [22m[2mnotice[22m       [2m | [22m [36m49.38 kB[39m[2m | [22m
[32mchunk-4KQAM4Q5.js[39m  [2m | [22m[2mdocument[22m     [2m | [22m [36m44.85 kB[39m[2m | [22m
[32mchunk-FDM7QFFV.js[39m  [2m | [22m[2mteachers[22m     [2m | [22m [36m41.58 kB[39m[2m | [22m
[32mchunk-JVVV5NY5.js[39m  [2m | [22m[2mattendance[22m   [2m | [22m [36m40.79 kB[39m[2m | [22m
[32mchunk-KVDD5IN2.js[39m  [2m | [22m[2mexams[22m        [2m | [22m [36m37.08 kB[39m[2m | [22m
[32mchunk-7XVZYCFD.js[39m  [2m | [22m[2mreports[22m      [2m | [22m [36m36.61 kB[39m[2m | [22m
[32mchunk-CLYKLUYZ.js[39m  [2m | [22m[2madmin-layout[22m [2m | [22m [36m29.51 kB[39m[2m | [22m
[32mchunk-C2DVSQEP.js[39m  [2m | [22m[2mlogin[22m        [2m | [22m [36m29.48 kB[39m[2m | [22m
[32mchunk-UQQORP3U.js[39m  [2m | [22m[2mtimetable[22m    [2m | [22m [36m28.39 kB[39m[2m | [22m
[32mchunk-HTLDLQJQ.js[39m  [2m | [22m[2mstaff[22m        [2m | [22m [36m21.37 kB[39m[2m | [22m
[32mchunk-DLSYTQI4.js[39m  [2m | [22m[2msettings[22m     [2m | [22m [36m15.35 kB[39m[2m | [22m
[32mchunk-3RFN3ZW3.js[39m  [2m | [22m[2mleave[22m        [2m | [22m [36m13.51 kB[39m[2m | [22m
[2m...and 5 more lazy chunks files. Use "--verbose" to show all the files.[22m

Application bundle generation complete. [2.788 seconds] - 2026-07-28T12:15:03.249Z

Component update sent to client(s).
[33m>[39m Changes detected. Rebuilding...
[32m√[39m Changes detected. Rebuilding...
[1mInitial chunk files[22m[2m | [22m[1mNames[22m    [2m | [22m[1mRaw size[22m
[32mmain.js[39m            [2m | [22m[2mmain[22m     [2m | [22m [36m5.57 kB[39m[2m | [22m

[1mLazy chunk files[22m   [2m | [22m[1mNames[22m    [2m | [22m[1mRaw size[22m
[32mchunk-5J2ZJYWP.js[39m  [2m | [22m[2mdashboard[22m[2m | [22m[36m95.63 kB[39m[2m | [22m

Application bundle generation complete. [0.791 seconds] - 2026-07-28T12:15:12.600Z

Page reload sent to client(s).
[33m>[39m Changes detected. Rebuilding...
[32m√[39m Changes detected. Rebuilding...
[1mInitial chunk files[22m[2m | [22m[1mNames[22m    [2m | [22m[1mRaw size[22m
[32mmain.js[39m            [2m | [22m[2mmain[22m     [2m | [22m [36m5.57 kB[39m[2m | [22m

[1mLazy chunk files[22m   [2m | [22m[1mNames[22m    [2m | [22m[1mRaw size[22m
[32mchunk-ZJEQ34QY.js[39m  [2m | [22m[2mdashboard[22m[2m | [22m[36m96.00 kB[39m[2m | [22m

Application bundle generation complete. [0.699 seconds] - 2026-07-28T12:15:13.303Z

Component update sent to client(s).
[33m>[39m Changes detected. Rebuilding...
[32m√[39m Changes detected. Rebuilding...
[1mInitial chunk files[22m[2m | [22m[1mNames[22m   [2m | [22m[1mRaw size[22m
[32mmain.js[39m            [2m | [22m[2mmain[22m    [2m | [22m [36m5.57 kB[39m[2m | [22m

[1mLazy chunk files[22m   [2m | [22m[1mNames[22m   [2m | [22m[1mRaw size[22m
[32mchunk-QU2MLPPP.js[39m  [2m | [22m[2mteachers[22m[2m | [22m[36m41.58 kB[39m[2m | [22m

Application bundle generation complete. [4.493 seconds] - 2026-07-28T12:21:35.275Z

Page reload sent to client(s).
[33m>[39m Changes detected. Rebuilding...
[32m√[39m Changes detected. Rebuilding...
[1mInitial chunk files[22m[2m | [22m[1mNames[22m    [2m | [22m[1mRaw size[22m
[32mmain.js[39m            [2m | [22m[2mmain[22m     [2m | [22m [36m5.57 kB[39m[2m | [22m

[1mLazy chunk files[22m   [2m | [22m[1mNames[22m    [2m | [22m[1mRaw size[22m
[32mchunk-MO7LATHU.js[39m  [2m | [22m[2mdashboard[22m[2m | [22m[36m97.00 kB[39m[2m | [22m

Application bundle generation complete. [1.028 seconds] - 2026-07-28T12:21:36.323Z

Page reload sent to client(s).
[33m>[39m Changes detected. Rebuilding...
[32m√[39m Changes detected. Rebuilding...
[1mInitial chunk files[22m[2m | [22m[1mNames[22m   [2m | [22m [1mRaw size[22m
[32mmain.js[39m            [2m | [22m[2mmain[22m    [2m | [22m  [36m5.57 kB[39m[2m | [22m

[1mLazy chunk files[22m   [2m | [22m[1mNames[22m   [2m | [22m [1mRaw size[22m
[32mchunk-IGBVJKMU.js[39m  [2m | [22m[2mstudents[22m[2m | [22m[36m133.58 kB[39m[2m | [22m
[32mchunk-2J6G7H3N.js[39m  [2m | [22m[2mdocument[22m[2m | [22m [36m44.85 kB[39m[2m | [22m
[32mchunk-6IBWZWR3.js[39m  [2m | [22m[2marchives[22m[2m | [22m [36m10.33 kB[39m[2m | [22m
[32mchunk-DOREYDHY.js[39m  [2m | [22m[2m-[22m       [2m | [22m  [36m1.77 kB[39m[2m | [22m

Application bundle generation complete. [3.318 seconds] - 2026-07-28T12:25:54.268Z

Page reload sent to client(s).
[33m>[39m Changes detected. Rebuilding...
[32m√[39m Changes detected. Rebuilding...
Application bundle generation failed. [1.386 seconds] - 2026-07-28T12:26:27.443Z

[1m[31m[31mX [41;31m[[41;97mERROR[41;31m][0m [1mTS2322: Type '{ studentId: string; name: string; email: string; avatarUrl: string; initials: string; avatarTheme: "blue"; className: string; contact: string; }[]' is not assignable to type 'StudentRow[]'.
  Property 'id' is missing in type '{ studentId: string; name: string; email: string; avatarUrl: string; initials: string; avatarTheme: "blue"; className: string; contact: string; }' but required in type 'StudentRow'.[0m [1m[35m[plugin angular-compiler][0m

    src/app/pages/students/students.ts:294:10:
[37m      294 │           [32mthis.students[37m = response.content.map(student => ({
          ╵           [32m~~~~~~~~~~~~~[0m

  'id' is declared here.

    src/app/pages/students/students.ts:16:2:
[37m      16 │   [32mid[37m: number;
         ╵   [32m~~[0m


[31mX [41;31m[[41;97mERROR[41;31m][0m [1mTS2322: Type '{ studentId: any; name: any; email: any; avatarUrl: string; initials: any; avatarTheme: "blue"; className: any; contact: string; }[]' is not assignable to type 'StudentRow[]'.
  Property 'id' is missing in type '{ studentId: any; name: any; email: any; avatarUrl: string; initials: any; avatarTheme: "blue"; className: any; contact: string; }' but required in type 'StudentRow'.[0m [1m[35m[plugin angular-compiler][0m

    src/app/pages/students/students.ts:331:10:
[37m      331 │           [32mthis.students[37m = response.content.map((student: any) => ({
          ╵           [32m~~~~~~~~~~~~~[0m

  'id' is declared here.

    src/app/pages/students/students.ts:16:2:
[37m      16 │   [32mid[37m: number;
         ╵   [32m~~[0m

[39m[22m
[33m>[39m Changes detected. Rebuilding...
[32m√[39m Changes detected. Rebuilding...
Application bundle generation failed. [0.868 seconds] - 2026-07-28T12:26:33.918Z

[1m[31m[31mX [41;31m[[41;97mERROR[41;31m][0m [1mTS2353: Object literal may only specify known properties, and 'newParents' does not exist in type 'Partial<StudentDTO>'.[0m [1m[35m[plugin angular-compiler][0m

    src/app/pages/students/students.ts:262:6:
[37m      262 │       [32mnewParents[37m: [{ name: guardian.guardianName, phoneNumber: gu...
          ╵       [32m~~~~~~~~~~[0m

[39m[22m
[33m>[39m Changes detected. Rebuilding...
[32m√[39m Changes detected. Rebuilding...
Application bundle generation failed. [0.769 seconds] - 2026-07-28T12:26:44.316Z

[1m[31m[31mX [41;31m[[41;97mERROR[41;31m][0m [1mTS2353: Object literal may only specify known properties, and 'newParents' does not exist in type 'Partial<StudentDTO>'.[0m [1m[35m[plugin angular-compiler][0m

    src/app/pages/students/students.ts:262:6:
[37m      262 │       [32mnewParents[37m: [{ name: guardian.guardianName, phoneNumber: gu...
          ╵       [32m~~~~~~~~~~[0m

[39m[22m
[33m>[39m Changes detected. Rebuilding...
[32m√[39m Changes detected. Rebuilding...
Application bundle generation failed. [1.093 seconds] - 2026-07-28T12:27:04.373Z

[1m[31m[31mX [41;31m[[41;97mERROR[41;31m][0m [1mTS2339: Property 'deactivateStudent' does not exist on type 'Students'.[0m [1m[35m[plugin angular-compiler][0m

    src/app/pages/students/students.html:138:82:
[37m      138 │ ..."Archive student" (click)="[32mdeactivateStudent[37m(s)">Archive</button>
          ╵                               [32m~~~~~~~~~~~~~~~~~[0m

  Error occurs in the template of component Students.

    src/app/pages/students/students.ts:50:15:
[37m      50 │   templateUrl: [32m'./students.html'[37m,
         ╵                [32m~~~~~~~~~~~~~~~~~[0m


[31mX [41;31m[[41;97mERROR[41;31m][0m [1mTS2353: Object literal may only specify known properties, and 'newParents' does not exist in type 'Partial<StudentDTO>'.[0m [1m[35m[plugin angular-compiler][0m

    src/app/pages/students/students.ts:262:6:
[37m      262 │       [32mnewParents[37m: [{ name: guardian.guardianName, phoneNumber: gu...
          ╵       [32m~~~~~~~~~~[0m

[39m[22m
[33m>[39m Changes detected. Rebuilding...
[32m√[39m Changes detected. Rebuilding...
Application bundle generation failed. [1.130 seconds] - 2026-07-28T12:27:05.507Z

[1m[31m[31mX [41;31m[[41;97mERROR[41;31m][0m [1mTS2339: Property 'deactivateStudent' does not exist on type 'Students'.[0m [1m[35m[plugin angular-compiler][0m

    src/app/pages/students/students.html:138:82:
[37m      138 │ ..."Archive student" (click)="[32mdeactivateStudent[37m(s)">Archive</button>
          ╵                               [32m~~~~~~~~~~~~~~~~~[0m

  Error occurs in the template of component Students.

    src/app/pages/students/students.ts:50:15:
[37m      50 │   templateUrl: [32m'./students.html'[37m,
         ╵                [32m~~~~~~~~~~~~~~~~~[0m


[31mX [41;31m[[41;97mERROR[41;31m][0m [1mTS2353: Object literal may only specify known properties, and 'newParents' does not exist in type 'Partial<StudentDTO>'.[0m [1m[35m[plugin angular-compiler][0m

    src/app/pages/students/students.ts:262:6:
[37m      262 │       [32mnewParents[37m: [{ name: guardian.guardianName, phoneNumber: gu...
          ╵       [32m~~~~~~~~~~[0m

[39m[22m
[33m>[39m Changes detected. Rebuilding...
[32m√[39m Changes detected. Rebuilding...
Application bundle generation failed. [0.845 seconds] - 2026-07-28T12:27:10.568Z

[1m[31m[31mX [41;31m[[41;97mERROR[41;31m][0m [1mTS2353: Object literal may only specify known properties, and 'newParents' does not exist in type 'Partial<StudentDTO>'.[0m [1m[35m[plugin angular-compiler][0m

    src/app/pages/students/students.ts:262:6:
[37m      262 │       [32mnewParents[37m: [{ name: guardian.guardianName, phoneNumber: gu...
          ╵       [32m~~~~~~~~~~[0m

[39m[22m
[33m>[39m Changes detected. Rebuilding...
[32m√[39m Changes detected. Rebuilding...
[1mInitial chunk files[22m[2m | [22m[1mNames[22m        [2m | [22m [1mRaw size[22m
[32mstyles.css[39m         [2m | [22m[2mstyles[22m       [2m | [22m  [36m9.00 kB[39m[2m | [22m
[32mmain.js[39m            [2m | [22m[2mmain[22m         [2m | [22m  [36m5.57 kB[39m[2m | [22m
[32mchunk-HJ27B564.js[39m  [2m | [22m[2m-[22m            [2m | [22m  [36m2.42 kB[39m[2m | [22m
[32mchunk-CZJLB7T5.js[39m  [2m | [22m[2m-[22m            [2m | [22m  [36m1.08 kB[39m[2m | [22m
[32mchunk-GVMETKDU.js[39m  [2m | [22m[2m-[22m            [2m | [22m[36m187 bytes[39m[2m | [22m

[1m [22m                  [2m | [22m[1mInitial total[22m[2m | [22m [1m18.26 kB[22m

[1mLazy chunk files[22m   [2m | [22m[1mNames[22m        [2m | [22m [1mRaw size[22m
[32mchunk-QDQNO7CV.js[39m  [2m | [22m[2mstudents[22m     [2m | [22m[36m137.70 kB[39m[2m | [22m
[32mchunk-MO7LATHU.js[39m  [2m | [22m[2mdashboard[22m    [2m | [22m [36m97.00 kB[39m[2m | [22m
[32mchunk-HKRSA7HL.js[39m  [2m | [22m[2mparent[22m       [2m | [22m [36m50.27 kB[39m[2m | [22m
[32mchunk-T2SEHL6Y.js[39m  [2m | [22m[2mnotice[22m       [2m | [22m [36m49.38 kB[39m[2m | [22m
[32mchunk-EZEIRHKY.js[39m  [2m | [22m[2mdocument[22m     [2m | [22m [36m44.85 kB[39m[2m | [22m
[32mchunk-QU2MLPPP.js[39m  [2m | [22m[2mteachers[22m     [2m | [22m [36m41.58 kB[39m[2m | [22m
[32mchunk-JVVV5NY5.js[39m  [2m | [22m[2mattendance[22m   [2m | [22m [36m40.79 kB[39m[2m | [22m
[32mchunk-KVDD5IN2.js[39m  [2m | [22m[2mexams[22m        [2m | [22m [36m37.08 kB[39m[2m | [22m
[32mchunk-7XVZYCFD.js[39m  [2m | [22m[2mreports[22m      [2m | [22m [36m36.61 kB[39m[2m | [22m
[32mchunk-CLYKLUYZ.js[39m  [2m | [22m[2madmin-layout[22m [2m | [22m [36m29.51 kB[39m[2m | [22m
[32mchunk-C2DVSQEP.js[39m  [2m | [22m[2mlogin[22m        [2m | [22m [36m29.48 kB[39m[2m | [22m
[32mchunk-UQQORP3U.js[39m  [2m | [22m[2mtimetable[22m    [2m | [22m [36m28.39 kB[39m[2m | [22m
[32mchunk-HTLDLQJQ.js[39m  [2m | [22m[2mstaff[22m        [2m | [22m [36m21.37 kB[39m[2m | [22m
[32mchunk-DLSYTQI4.js[39m  [2m | [22m[2msettings[22m     [2m | [22m [36m15.35 kB[39m[2m | [22m
[32mchunk-3RFN3ZW3.js[39m  [2m | [22m[2mleave[22m        [2m | [22m [36m13.51 kB[39m[2m | [22m
[2m...and 5 more lazy chunks files. Use "--verbose" to show all the files.[22m

Application bundle generation complete. [0.407 seconds] - 2026-07-28T12:27:55.217Z

Page reload sent to client(s).
[33m>[39m Changes detected. Rebuilding...
[32m√[39m Changes detected. Rebuilding...
[1mInitial chunk files[22m[2m | [22m[1mNames[22m   [2m | [22m [1mRaw size[22m
[32mmain.js[39m            [2m | [22m[2mmain[22m    [2m | [22m  [36m5.57 kB[39m[2m | [22m

[1mLazy chunk files[22m   [2m | [22m[1mNames[22m   [2m | [22m [1mRaw size[22m
[32mchunk-O65CBDDN.js[39m  [2m | [22m[2mstudents[22m[2m | [22m[36m137.91 kB[39m[2m | [22m

Application bundle generation complete. [1.268 seconds] - 2026-07-28T12:28:44.668Z

Page reload sent to client(s).
[33m>[39m Changes detected. Rebuilding...
[32m√[39m Changes detected. Rebuilding...
[1mInitial chunk files[22m[2m | [22m[1mNames[22m   [2m | [22m [1mRaw size[22m
[32mmain.js[39m            [2m | [22m[2mmain[22m    [2m | [22m  [36m5.57 kB[39m[2m | [22m

[1mLazy chunk files[22m   [2m | [22m[1mNames[22m   [2m | [22m [1mRaw size[22m
[32mchunk-ZLSJRLUW.js[39m  [2m | [22m[2mstudents[22m[2m | [22m[36m137.99 kB[39m[2m | [22m

Application bundle generation complete. [0.779 seconds] - 2026-07-28T12:28:53.553Z

Component update sent to client(s).
[33m>[39m Changes detected. Rebuilding...
[32m√[39m Changes detected. Rebuilding...
[1mInitial chunk files[22m[2m | [22m[1mNames[22m[2m | [22m[1mRaw size[22m
[32mmain.js[39m            [2m | [22m[2mmain[22m [2m | [22m [36m5.64 kB[39m[2m | [22m

Application bundle generation complete. [3.310 seconds] - 2026-07-28T12:34:42.021Z

Page reload sent to client(s).
[33m>[39m Changes detected. Rebuilding...
[32m√[39m Changes detected. Rebuilding...
[1mInitial chunk files[22m[2m | [22m[1mNames[22m[2m | [22m[1mRaw size[22m
[32mmain.js[39m            [2m | [22m[2mmain[22m [2m | [22m [36m5.64 kB[39m[2m | [22m

[1mLazy chunk files[22m   [2m | [22m[1mNames[22m[2m | [22m[1mRaw size[22m
[32mchunk-VGIOVECT.js[39m  [2m | [22m[2mstaff[22m[2m | [22m[36m21.77 kB[39m[2m | [22m

Application bundle generation complete. [1.137 seconds] - 2026-07-28T12:34:43.164Z

Page reload sent to client(s).
[33m>[39m Changes detected. Rebuilding...
[32m√[39m Changes detected. Rebuilding...
[1mInitial chunk files[22m[2m | [22m[1mNames[22m        [2m | [22m [1mRaw size[22m
[32mmain.js[39m            [2m | [22m[2mmain[22m         [2m | [22m  [36m5.64 kB[39m[2m | [22m
[32mchunk-GLHIUU7X.js[39m  [2m | [22m[2m-[22m            [2m | [22m  [36m2.42 kB[39m[2m | [22m
[32mchunk-ZBSWERMO.js[39m  [2m | [22m[2m-[22m            [2m | [22m[36m187 bytes[39m[2m | [22m

[1mLazy chunk files[22m   [2m | [22m[1mNames[22m        [2m | [22m [1mRaw size[22m
[32mchunk-URZHUDXM.js[39m  [2m | [22m[2mstudents[22m     [2m | [22m[36m137.99 kB[39m[2m | [22m
[32mchunk-YOBITVKT.js[39m  [2m | [22m[2mdashboard[22m    [2m | [22m [36m97.00 kB[39m[2m | [22m
[32mchunk-3HYB5C3E.js[39m  [2m | [22m[2mparent[22m       [2m | [22m [36m50.27 kB[39m[2m | [22m
[32mchunk-WULVPPL4.js[39m  [2m | [22m[2mnotice[22m       [2m | [22m [36m49.38 kB[39m[2m | [22m
[32mchunk-ZYSJO4FE.js[39m  [2m | [22m[2mdocument[22m     [2m | [22m [36m44.85 kB[39m[2m | [22m
[32mchunk-PDS3MKIJ.js[39m  [2m | [22m[2mteachers[22m     [2m | [22m [36m41.58 kB[39m[2m | [22m
[32mchunk-XNQ345ME.js[39m  [2m | [22m[2mattendance[22m   [2m | [22m [36m40.79 kB[39m[2m | [22m
[32mchunk-2AN3AP2I.js[39m  [2m | [22m[2mexams[22m        [2m | [22m [36m37.08 kB[39m[2m | [22m
[32mchunk-P7AQI7A5.js[39m  [2m | [22m[2mlogin[22m        [2m | [22m [36m29.48 kB[39m[2m | [22m
[32mchunk-IP45UF6D.js[39m  [2m | [22m[2mtimetable[22m    [2m | [22m [36m28.39 kB[39m[2m | [22m
[32mchunk-PGK6HK5Z.js[39m  [2m | [22m[2mstaff[22m        [2m | [22m [36m21.77 kB[39m[2m | [22m
[32mchunk-Z7LZOLXO.js[39m  [2m | [22m[2msettings[22m     [2m | [22m [36m15.35 kB[39m[2m | [22m
[32mchunk-S3EHAWZN.js[39m  [2m | [22m[2mleave[22m        [2m | [22m [36m13.51 kB[39m[2m | [22m
[32mchunk-H37A3NHO.js[39m  [2m | [22m[2mstaff-profile[22m[2m | [22m [36m12.38 kB[39m[2m | [22m
[32mchunk-ZABCJAXX.js[39m  [2m | [22m[2marchives[22m     [2m | [22m [36m10.33 kB[39m[2m | [22m
[2m...and 2 more lazy chunks files. Use "--verbose" to show all the files.[22m

Application bundle generation complete. [4.922 seconds] - 2026-07-28T12:58:45.831Z

Page reload sent to client(s).
[33m>[39m Changes detected. Rebuilding...
[32m√[39m Changes detected. Rebuilding...
[1mInitial chunk files[22m[2m | [22m[1mNames[22m        [2m | [22m [1mRaw size[22m
[32mmain.js[39m            [2m | [22m[2mmain[22m         [2m | [22m  [36m5.64 kB[39m[2m | [22m
[32mchunk-JILKCCX5.js[39m  [2m | [22m[2m-[22m            [2m | [22m  [36m2.42 kB[39m[2m | [22m
[32mchunk-3UHMZ34P.js[39m  [2m | [22m[2m-[22m            [2m | [22m[36m187 bytes[39m[2m | [22m

[1mLazy chunk files[22m   [2m | [22m[1mNames[22m        [2m | [22m [1mRaw size[22m
[32mchunk-GIU5HYR7.js[39m  [2m | [22m[2mstudents[22m     [2m | [22m[36m137.99 kB[39m[2m | [22m
[32mchunk-SHSROEOO.js[39m  [2m | [22m[2mdashboard[22m    [2m | [22m [36m97.00 kB[39m[2m | [22m
[32mchunk-MCRBLI3V.js[39m  [2m | [22m[2mparent[22m       [2m | [22m [36m50.27 kB[39m[2m | [22m
[32mchunk-WUS5NERU.js[39m  [2m | [22m[2mnotice[22m       [2m | [22m [36m49.38 kB[39m[2m | [22m
[32mchunk-PAWS7S7A.js[39m  [2m | [22m[2mdocument[22m     [2m | [22m [36m44.85 kB[39m[2m | [22m
[32mchunk-S7WN77HU.js[39m  [2m | [22m[2mteachers[22m     [2m | [22m [36m41.58 kB[39m[2m | [22m
[32mchunk-YINZYEMH.js[39m  [2m | [22m[2mattendance[22m   [2m | [22m [36m40.79 kB[39m[2m | [22m
[32mchunk-ZJTMA5UB.js[39m  [2m | [22m[2mexams[22m        [2m | [22m [36m37.08 kB[39m[2m | [22m
[32mchunk-345WLPGT.js[39m  [2m | [22m[2mlogin[22m        [2m | [22m [36m29.48 kB[39m[2m | [22m
[32mchunk-J356FTL6.js[39m  [2m | [22m[2mtimetable[22m    [2m | [22m [36m28.39 kB[39m[2m | [22m
[32mchunk-GW4PWDHC.js[39m  [2m | [22m[2mstaff[22m        [2m | [22m [36m21.77 kB[39m[2m | [22m
[32mchunk-RNP4K7WM.js[39m  [2m | [22m[2msettings[22m     [2m | [22m [36m15.35 kB[39m[2m | [22m
[32mchunk-47BKQX7L.js[39m  [2m | [22m[2mleave[22m        [2m | [22m [36m13.51 kB[39m[2m | [22m
[32mchunk-4XHLFTKE.js[39m  [2m | [22m[2mstaff-profile[22m[2m | [22m [36m12.38 kB[39m[2m | [22m
[32mchunk-LZRCJAHX.js[39m  [2m | [22m[2marchives[22m     [2m | [22m [36m10.33 kB[39m[2m | [22m
[2m...and 2 more lazy chunks files. Use "--verbose" to show all the files.[22m

Application bundle generation complete. [1.365 seconds] - 2026-07-28T13:00:02.383Z

Page reload sent to client(s).
[33m>[39m Changes detected. Rebuilding...
[32m√[39m Changes detected. Rebuilding...
[1mInitial chunk files[22m[2m | [22m[1mNames[22m   [2m | [22m [1mRaw size[22m
[32mmain.js[39m            [2m | [22m[2mmain[22m    [2m | [22m  [36m5.64 kB[39m[2m | [22m

[1mLazy chunk files[22m   [2m | [22m[1mNames[22m   [2m | [22m [1mRaw size[22m
[32mchunk-Z3DI2VOG.js[39m  [2m | [22m[2mstudents[22m[2m | [22m[36m138.48 kB[39m[2m | [22m

Application bundle generation complete. [16.062 seconds] - 2026-07-28T13:04:05.870Z

Page reload sent to client(s).
[33m>[39m Changes detected. Rebuilding...
[32m√[39m Changes detected. Rebuilding...
[1mInitial chunk files[22m[2m | [22m[1mNames[22m[2m | [22m[1mRaw size[22m
[32mmain.js[39m            [2m | [22m[2mmain[22m [2m | [22m [36m5.64 kB[39m[2m | [22m
[32mchunk-ZRSU74BT.js[39m  [2m | [22m[2m-[22m    [2m | [22m [36m3.10 kB[39m[2m | [22m

[1mLazy chunk files[22m   [2m | [22m[1mNames[22m[2m | [22m[1mRaw size[22m
[32mchunk-IZSORWDZ.js[39m  [2m | [22m[2mlogin[22m[2m | [22m[36m29.48 kB[39m[2m | [22m

Application bundle generation complete. [6.712 seconds] - 2026-07-28T13:07:38.212Z

Page reload sent to client(s).
[33m>[39m Changes detected. Rebuilding...
[32m√[39m Changes detected. Rebuilding...
[1mInitial chunk files[22m[2m | [22m[1mNames[22m[2m | [22m[1mRaw size[22m
[32mmain.js[39m            [2m | [22m[2mmain[22m [2m | [22m [36m5.91 kB[39m[2m | [22m

Application bundle generation complete. [6.758 seconds] - 2026-07-28T13:07:44.980Z

Page reload sent to client(s).
[33m>[39m Changes detected. Rebuilding...
[32m√[39m Changes detected. Rebuilding...
[1mInitial chunk files[22m[2m | [22m[1mNames[22m   [2m | [22m [1mRaw size[22m
[32mmain.js[39m            [2m | [22m[2mmain[22m    [2m | [22m  [36m5.91 kB[39m[2m | [22m

[1mLazy chunk files[22m   [2m | [22m[1mNames[22m   [2m | [22m [1mRaw size[22m
[32mchunk-GNVCRVMX.js[39m  [2m | [22m[2mstudents[22m[2m | [22m[36m138.66 kB[39m[2m | [22m

Application bundle generation complete. [5.844 seconds] - 2026-07-28T13:17:54.026Z

Page reload sent to client(s).
[33m>[39m Changes detected. Rebuilding...
[32m√[39m Changes detected. Rebuilding...
[1mInitial chunk files[22m[2m | [22m[1mNames[22m   [2m | [22m [1mRaw size[22m
[32mstyles.css[39m         [2m | [22m[2mstyles[22m  [2m | [22m  [36m9.04 kB[39m[2m | [22m
[32mmain.js[39m            [2m | [22m[2mmain[22m    [2m | [22m  [36m5.91 kB[39m[2m | [22m

[1mLazy chunk files[22m   [2m | [22m[1mNames[22m   [2m | [22m [1mRaw size[22m
[32mchunk-5TVJ6JOX.js[39m  [2m | [22m[2mstudents[22m[2m | [22m[36m142.44 kB[39m[2m | [22m

Application bundle generation complete. [4.153 seconds] - 2026-07-28T13:23:16.705Z

Page reload sent to client(s).
[33m>[39m Changes detected. Rebuilding...
[32m√[39m Changes detected. Rebuilding...
[1mInitial chunk files[22m[2m | [22m[1mNames[22m   [2m | [22m [1mRaw size[22m
[32mmain.js[39m            [2m | [22m[2mmain[22m    [2m | [22m  [36m5.91 kB[39m[2m | [22m

[1mLazy chunk files[22m   [2m | [22m[1mNames[22m   [2m | [22m [1mRaw size[22m
[32mchunk-PZAQE5QP.js[39m  [2m | [22m[2mstudents[22m[2m | [22m[36m142.62 kB[39m[2m | [22m

Application bundle generation complete. [3.329 seconds] - 2026-07-28T13:23:20.055Z

Component update sent to client(s).
[33m>[39m Changes detected. Rebuilding...
[32m√[39m Changes detected. Rebuilding...
Application bundle generation failed. [8.919 seconds] - 2026-07-28T13:30:42.633Z

[1m[31m[31mX [41;31m[[41;97mERROR[41;31m][0m [1mTS2353: Object literal may only specify known properties, and 'nameWithInitials' does not exist in type 'Partial<StudentDTO>'.[0m [1m[35m[plugin angular-compiler][0m

    src/app/pages/students/students.ts:277:6:
[37m      277 │       [32mnameWithInitials[37m: personal.fullName,
          ╵       [32m~~~~~~~~~~~~~~~~[0m

[39m[22m
[33m>[39m Changes detected. Rebuilding...
[32m√[39m Changes detected. Rebuilding...
[1mInitial chunk files[22m[2m | [22m[1mNames[22m        [2m | [22m [1mRaw size[22m
[32mstyles.css[39m         [2m | [22m[2mstyles[22m       [2m | [22m  [36m9.04 kB[39m[2m | [22m
[32mmain.js[39m            [2m | [22m[2mmain[22m         [2m | [22m  [36m5.91 kB[39m[2m | [22m
[32mchunk-ZRSU74BT.js[39m  [2m | [22m[2m-[22m            [2m | [22m  [36m3.10 kB[39m[2m | [22m
[32mchunk-CZJLB7T5.js[39m  [2m | [22m[2m-[22m            [2m | [22m  [36m1.08 kB[39m[2m | [22m
[32mchunk-3UHMZ34P.js[39m  [2m | [22m[2m-[22m            [2m | [22m[36m187 bytes[39m[2m | [22m

[1m [22m                  [2m | [22m[1mInitial total[22m[2m | [22m [1m19.30 kB[22m

[1mLazy chunk files[22m   [2m | [22m[1mNames[22m        [2m | [22m [1mRaw size[22m
[32mchunk-L7KZDHIB.js[39m  [2m | [22m[2mstudents[22m     [2m | [22m[36m143.75 kB[39m[2m | [22m
[32mchunk-SHSROEOO.js[39m  [2m | [22m[2mdashboard[22m    [2m | [22m [36m97.00 kB[39m[2m | [22m
[32mchunk-MCRBLI3V.js[39m  [2m | [22m[2mparent[22m       [2m | [22m [36m50.27 kB[39m[2m | [22m
[32mchunk-WUS5NERU.js[39m  [2m | [22m[2mnotice[22m       [2m | [22m [36m49.38 kB[39m[2m | [22m
[32mchunk-3X5IEB7H.js[39m  [2m | [22m[2mdocument[22m     [2m | [22m [36m44.85 kB[39m[2m | [22m
[32mchunk-S7WN77HU.js[39m  [2m | [22m[2mteachers[22m     [2m | [22m [36m41.58 kB[39m[2m | [22m
[32mchunk-YINZYEMH.js[39m  [2m | [22m[2mattendance[22m   [2m | [22m [36m40.79 kB[39m[2m | [22m
[32mchunk-ZJTMA5UB.js[39m  [2m | [22m[2mexams[22m        [2m | [22m [36m37.08 kB[39m[2m | [22m
[32mchunk-7XVZYCFD.js[39m  [2m | [22m[2mreports[22m      [2m | [22m [36m36.61 kB[39m[2m | [22m
[32mchunk-CLYKLUYZ.js[39m  [2m | [22m[2madmin-layout[22m [2m | [22m [36m29.51 kB[39m[2m | [22m
[32mchunk-IZSORWDZ.js[39m  [2m | [22m[2mlogin[22m        [2m | [22m [36m29.48 kB[39m[2m | [22m
[32mchunk-J356FTL6.js[39m  [2m | [22m[2mtimetable[22m    [2m | [22m [36m28.39 kB[39m[2m | [22m
[32mchunk-GW4PWDHC.js[39m  [2m | [22m[2mstaff[22m        [2m | [22m [36m21.77 kB[39m[2m | [22m
[32mchunk-RNP4K7WM.js[39m  [2m | [22m[2msettings[22m     [2m | [22m [36m15.35 kB[39m[2m | [22m
[32mchunk-47BKQX7L.js[39m  [2m | [22m[2mleave[22m        [2m | [22m [36m13.51 kB[39m[2m | [22m
[2m...and 5 more lazy chunks files. Use "--verbose" to show all the files.[22m

Application bundle generation complete. [2.173 seconds] - 2026-07-28T13:30:44.832Z

Page reload sent to client(s).
[33m>[39m Changes detected. Rebuilding...
[32m√[39m Changes detected. Rebuilding...
[1mInitial chunk files[22m[2m | [22m[1mNames[22m   [2m | [22m [1mRaw size[22m
[32mmain.js[39m            [2m | [22m[2mmain[22m    [2m | [22m  [36m5.91 kB[39m[2m | [22m

[1mLazy chunk files[22m   [2m | [22m[1mNames[22m   [2m | [22m [1mRaw size[22m
[32mchunk-HRRRAIT3.js[39m  [2m | [22m[2mstudents[22m[2m | [22m[36m144.15 kB[39m[2m | [22m

Application bundle generation complete. [1.544 seconds] - 2026-07-28T13:31:11.994Z

Page reload sent to client(s).
[33m>[39m Changes detected. Rebuilding...
[32m√[39m Changes detected. Rebuilding...
[1mInitial chunk files[22m[2m | [22m[1mNames[22m   [2m | [22m [1mRaw size[22m
[32mmain.js[39m            [2m | [22m[2mmain[22m    [2m | [22m  [36m5.91 kB[39m[2m | [22m

[1mLazy chunk files[22m   [2m | [22m[1mNames[22m   [2m | [22m [1mRaw size[22m
[32mchunk-D3GDA7ES.js[39m  [2m | [22m[2mstudents[22m[2m | [22m[36m144.14 kB[39m[2m | [22m

Application bundle generation complete. [6.491 seconds] - 2026-07-28T13:38:58.803Z

Component update sent to client(s).
[33m>[39m Changes detected. Rebuilding...
[32m√[39m Changes detected. Rebuilding...
[1mInitial chunk files[22m[2m | [22m[1mNames[22m   [2m | [22m [1mRaw size[22m
[32mmain.js[39m            [2m | [22m[2mmain[22m    [2m | [22m  [36m5.91 kB[39m[2m | [22m

[1mLazy chunk files[22m   [2m | [22m[1mNames[22m   [2m | [22m [1mRaw size[22m
[32mchunk-COYTRNQY.js[39m  [2m | [22m[2mstudents[22m[2m | [22m[36m144.20 kB[39m[2m | [22m

Application bundle generation complete. [3.681 seconds] - 2026-07-28T13:39:06.657Z

Page reload sent to client(s).
